D 2026-08-23 19:56:22.726527 [MQ] Logging Initialized (C:\Users\Public\source\repos\macroquest\src\loader\MacroQuest.cpp:316)
I 2026-08-23 19:56:22.726597 [MQ] Starting MacroQuest Loader. Built Sun Nov 24 12:52:44 2024 (C:\Users\Public\source\repos\macroquest\src\loader\MacroQuest.cpp:1367)
I 2026-08-23 19:56:22.727006 [MQ] Initializing crashpad handler (C:\Users\Public\source\repos\macroquest\src\loader\Crashpad.cpp:100)
D 2026-08-23 19:56:22.727029 [MQ] Handler Path: C:\Fun Stuff\TAC\triunemq\TriuneAutocombat\mq2triune\crashpad_handler.exe (C:\Users\Public\source\repos\macroquest\src\loader\Crashpad.cpp:101)
I 2026-08-23 19:56:22.727328 [MQ] Crash report submission is: disabled (C:\Users\Public\source\repos\macroquest\src\loader\Crashpad.cpp:115)
I 2026-08-23 19:56:22.727337 [MQ] Using shared crash reporter for all MacroQuest instances (C:\Users\Public\source\repos\macroquest\src\loader\Crashpad.cpp:120)
I 2026-08-23 19:56:22.743717 [MQ] I am a spawned process (C:\Users\Public\source\repos\macroquest\src\loader\MacroQuest.cpp:1406)
I 2026-08-23 19:56:22.746614 [MQ] MQ2Main Path: C:\Fun Stuff\TAC\triunemq\TriuneAutocombat\mq2triune\MQ2Main.dll (C:\Users\Public\source\repos\macroquest\src\loader\MacroQuest.cpp:1321)
I 2026-08-23 19:56:22.751892 [MQ] Build: MQ2Triune [May 10 2013 (Emu)] (C:\Users\Public\source\repos\macroquest\src\loader\MacroQuest.cpp:1341)
I 2026-08-23 19:56:22.753010 [MQ] Starting NamedPipeServer thread for \\.\pipe\mqpipe (C:\Users\Public\source\repos\macroquest\src\routing\NamedPipes.cpp:610)
I 2026-08-23 19:56:22.767652 [MQ] AutoLogin Opening database at C:\Fun Stuff\TAC\triunemq\TriuneAutocombat\mq2triune\Config\login.db (C:\Users\Public\source\repos\macroquest\src\login\Login.cpp:2554)
I 2026-08-23 19:56:22.785131 [MQ] Process monitor using ToolHelp started (C:\Users\Public\source\repos\macroquest\src\loader\ProcessMonitor.cpp:432)
D 2026-08-23 19:56:22.785177 [MQ] Initializing injector (C:\Users\Public\source\repos\macroquest\src\loader\ProcessList.cpp:1163)
I 2026-08-23 19:56:22.791209 [MQ] Performing injections on any existing eqgame.exe processes (C:\Users\Public\source\repos\macroquest\src\loader\ProcessList.cpp:711)
D 2026-08-23 19:56:22.791347 [MQ] Injector thread started (C:\Users\Public\source\repos\macroquest\src\loader\ProcessList.cpp:1056)
I 2026-08-23 19:56:22.812421 [MQ] Waiting for events... (C:\Users\Public\source\repos\macroquest\src\loader\MacroQuest.cpp:1583)
I 2026-08-23 19:56:22.978157 [MQ] Performing log file cleanup, found 0 files to remove. (C:\Users\Public\source\repos\macroquest\src\loader\MacroQuest.cpp:244)
I 2026-08-23 19:56:27.828614 [MQ] New process detected: 87680 (C:\Users\Public\source\repos\macroquest\src\loader\MacroQuest.cpp:1307)
I 2026-08-23 19:56:27.843304 [MQ] Requesting injection into process id 87680 (C:\Users\Public\source\repos\macroquest\src\loader\ProcessList.cpp:694)
D 2026-08-23 19:56:27.843365 [MQ] Injecting MQ into eqgame.exe: pid=87680 (C:\Users\Public\source\repos\macroquest\src\loader\ProcessList.cpp:920)
D 2026-08-23 19:56:27.862118 [MQ] eqgame.exe version: May 10 2013 23:30:08 pid=87680 (C:\Users\Public\source\repos\macroquest\src\loader\ProcessList.cpp:978)
I 2026-08-23 19:56:27.870992 [MQ] Injection completed on process id 87680 (C:\Users\Public\source\repos\macroquest\src\loader\ProcessList.cpp:1050)
D 2026-08-23 19:56:32.840034 [MQ] Created PipeConnection: connectionId=1 pid=87680 (C:\Users\Public\source\repos\macroquest\src\routing\NamedPipes.cpp:234)
I 2026-08-23 19:56:32.841330 [MQ] Got identification from 87680 (C:\Users\Public\source\repos\macroquest\src\loader\PostOffice.cpp:131)
